main.c:93:5:main	16	static
main.c:144:6:SystemClock_Config	88	static
main.c:189:13:MX_USART2_UART_Init	8	static
main.c:222:13:MX_GPIO_Init	48	static
main.c:305:6:HAL_GPIO_EXTI_Callback	16	static
main.c:316:13:DisplayOE_TIM_Config	4	static
main.c:320:6:HAL_TIM_PeriodElapsedCallback	88	static
main.c:354:13:SeftSquareSignalGenerator	16	static
main.c:370:13:ButtonPrellTimer	16	static
main.c:384:13:ClockCounter	16	static
main.c:400:13:CalcFreq	24	static
main.c:432:13:PrintFreq	24	static
main.c:474:6:Error_Handler	4	static
